[0310/194519.241:INFO:CONSOLE:1118] "Uncaught TypeError: Cannot read properties of null (reading 'addEventListener')", source: https://bambucr.app/app/assets_b5/js/material-dashboard.js?v=1.1.3 (1118)
[0310/194527.476:INFO:CONSOLE:979] "searching from navedi", source: https://bambucr.app/app/js/app.js?v=3.13.18 (979)
[0310/194527.580:INFO:CONSOLE:3183] "Adding 61 to clients index", source: https://bambucr.app/app/js/app.js?v=3.13.18 (3183)
[0310/194527.585:INFO:CONSOLE:3183] "Adding 131 to suppliers index", source: https://bambucr.app/app/js/app.js?v=3.13.18 (3183)
[0310/194527.590:INFO:CONSOLE:3183] "Adding 0 to users index", source: https://bambucr.app/app/js/app.js?v=3.13.18 (3183)
[0310/194530.729:INFO:CONSOLE:2602] "Inicializando product-autocomplete (primera vez)...", source: https://bambucr.app/app/js/app.js?v=3.13.18 (2602)
[0310/194530.758:INFO:CONSOLE:8] "ag-grid: invalid colDef property 'hideByBusinessRule' did you mean any of these: cellClassRules, hide, initialHide, resizable, suppressMovable, suppressAutoSize, suppressSizeToFit, suppressNavigable", source: https://bambucr.app/app/assets/js/ag-grid-community.min.noStyle.js (8)
[0310/194530.758:INFO:CONSOLE:8] "ag-grid: invalid colDef property 'hideInTable' did you mean any of these: hide, editable, sortable, initialHide, resizable, enableValue, suppressMovable, suppressNavigable", source: https://bambucr.app/app/assets/js/ag-grid-community.min.noStyle.js (8)
[0310/194530.758:INFO:CONSOLE:8] "ag-grid: to see all the valid colDef properties please check: https://www.ag-grid.com/javascript-grid-column-properties/", source: https://bambucr.app/app/assets/js/ag-grid-community.min.noStyle.js (8)
[0310/194530.759:INFO:CONSOLE:8] "ag-grid: invalid colDef property 'hideByBusinessRule' did you mean any of these: cellClassRules, hide, initialHide, resizable, suppressMovable, suppressAutoSize, suppressSizeToFit, suppressNavigable", source: https://bambucr.app/app/assets/js/ag-grid-community.min.noStyle.js (8)
[0310/194530.759:INFO:CONSOLE:8] "ag-grid: invalid colDef property 'hideInTable' did you mean any of these: hide, editable, sortable, initialHide, resizable, enableValue, suppressMovable, suppressNavigable", source: https://bambucr.app/app/assets/js/ag-grid-community.min.noStyle.js (8)
[0310/194530.759:INFO:CONSOLE:8] "ag-grid: to see all the valid colDef properties please check: https://www.ag-grid.com/javascript-grid-column-properties/", source: https://bambucr.app/app/assets/js/ag-grid-community.min.noStyle.js (8)
[0310/194530.760:INFO:CONSOLE:8] "ag-grid: invalid colDef property 'hideByBusinessRule' did you mean any of these: cellClassRules, hide, initialHide, resizable, suppressMovable, suppressAutoSize, suppressSizeToFit, suppressNavigable", source: https://bambucr.app/app/assets/js/ag-grid-community.min.noStyle.js (8)
[0310/194530.760:INFO:CONSOLE:8] "ag-grid: invalid colDef property 'hideInTable' did you mean any of these: hide, editable, sortable, initialHide, resizable, enableValue, suppressMovable, suppressNavigable", source: https://bambucr.app/app/assets/js/ag-grid-community.min.noStyle.js (8)
[0310/194530.760:INFO:CONSOLE:8] "ag-grid: to see all the valid colDef properties please check: https://www.ag-grid.com/javascript-grid-column-properties/", source: https://bambucr.app/app/assets/js/ag-grid-community.min.noStyle.js (8)
[0310/194530.760:INFO:CONSOLE:8] "ag-grid: invalid colDef property 'hideByBusinessRule' did you mean any of these: cellClassRules, hide, initialHide, resizable, suppressMovable, suppressAutoSize, suppressSizeToFit, suppressNavigable", source: https://bambucr.app/app/assets/js/ag-grid-community.min.noStyle.js (8)
[0310/194530.760:INFO:CONSOLE:8] "ag-grid: invalid colDef property 'hideInTable' did you mean any of these: hide, editable, sortable, initialHide, resizable, enableValue, suppressMovable, suppressNavigable", source: https://bambucr.app/app/assets/js/ag-grid-community.min.noStyle.js (8)
[0310/194530.760:INFO:CONSOLE:8] "ag-grid: to see all the valid colDef properties please check: https://www.ag-grid.com/javascript-grid-column-properties/", source: https://bambucr.app/app/assets/js/ag-grid-community.min.noStyle.js (8)
[0310/194530.761:INFO:CONSOLE:8] "ag-grid: invalid colDef property 'hideByBusinessRule' did you mean any of these: cellClassRules, hide, initialHide, resizable, suppressMovable, suppressAutoSize, suppressSizeToFit, suppressNavigable", source: https://bambucr.app/app/assets/js/ag-grid-community.min.noStyle.js (8)
[0310/194530.761:INFO:CONSOLE:8] "ag-grid: invalid colDef property 'hideInTable' did you mean any of these: hide, editable, sortable, initialHide, resizable, enableValue, suppressMovable, suppressNavigable", source: https://bambucr.app/app/assets/js/ag-grid-community.min.noStyle.js (8)
[0310/194530.761:INFO:CONSOLE:8] "ag-grid: to see all the valid colDef properties please check: https://www.ag-grid.com/javascript-grid-column-properties/", source: https://bambucr.app/app/assets/js/ag-grid-community.min.noStyle.js (8)
[0310/194530.762:INFO:CONSOLE:8] "ag-grid: invalid colDef property 'hideByBusinessRule' did you mean any of these: cellClassRules, hide, initialHide, resizable, suppressMovable, suppressAutoSize, suppressSizeToFit, suppressNavigable", source: https://bambucr.app/app/assets/js/ag-grid-community.min.noStyle.js (8)
[0310/194530.762:INFO:CONSOLE:8] "ag-grid: invalid colDef property 'hideInTable' did you mean any of these: hide, editable, sortable, initialHide, resizable, enableValue, suppressMovable, suppressNavigable", source: https://bambucr.app/app/assets/js/ag-grid-community.min.noStyle.js (8)
[0310/194530.762:INFO:CONSOLE:8] "ag-grid: to see all the valid colDef properties please check: https://www.ag-grid.com/javascript-grid-column-properties/", source: https://bambucr.app/app/assets/js/ag-grid-community.min.noStyle.js (8)
[0310/194530.763:INFO:CONSOLE:8] "ag-grid: invalid colDef property 'hideByBusinessRule' did you mean any of these: cellClassRules, hide, initialHide, resizable, suppressMovable, suppressAutoSize, suppressSizeToFit, suppressNavigable", source: https://bambucr.app/app/assets/js/ag-grid-community.min.noStyle.js (8)
[0310/194530.763:INFO:CONSOLE:8] "ag-grid: invalid colDef property 'hideInTable' did you mean any of these: hide, editable, sortable, initialHide, resizable, enableValue, suppressMovable, suppressNavigable", source: https://bambucr.app/app/assets/js/ag-grid-community.min.noStyle.js (8)
[0310/194530.763:INFO:CONSOLE:8] "ag-grid: to see all the valid colDef properties please check: https://www.ag-grid.com/javascript-grid-column-properties/", source: https://bambucr.app/app/assets/js/ag-grid-community.min.noStyle.js (8)
[0310/194530.763:INFO:CONSOLE:8] "ag-grid: invalid colDef property 'hideByBusinessRule' did you mean any of these: cellClassRules, hide, initialHide, resizable, suppressMovable, suppressAutoSize, suppressSizeToFit, suppressNavigable", source: https://bambucr.app/app/assets/js/ag-grid-community.min.noStyle.js (8)
[0310/194530.763:INFO:CONSOLE:8] "ag-grid: invalid colDef property 'hideInTable' did you mean any of these: hide, editable, sortable, initialHide, resizable, enableValue, suppressMovable, suppressNavigable", source: https://bambucr.app/app/assets/js/ag-grid-community.min.noStyle.js (8)
[0310/194530.763:INFO:CONSOLE:8] "ag-grid: to see all the valid colDef properties please check: https://www.ag-grid.com/javascript-grid-column-properties/", source: https://bambucr.app/app/assets/js/ag-grid-community.min.noStyle.js (8)
[0310/194530.765:INFO:CONSOLE:8] "ag-grid: invalid colDef property 'hideByBusinessRule' did you mean any of these: cellClassRules, hide, initialHide, resizable, suppressMovable, suppressAutoSize, suppressSizeToFit, suppressNavigable", source: https://bambucr.app/app/assets/js/ag-grid-community.min.noStyle.js (8)
[0310/194530.765:INFO:CONSOLE:8] "ag-grid: invalid colDef property 'hideInTable' did you mean any of these: hide, editable, sortable, initialHide, resizable, enableValue, suppressMovable, suppressNavigable", source: https://bambucr.app/app/assets/js/ag-grid-community.min.noStyle.js (8)
[0310/194530.765:INFO:CONSOLE:8] "ag-grid: to see all the valid colDef properties please check: https://www.ag-grid.com/javascript-grid-column-properties/", source: https://bambucr.app/app/assets/js/ag-grid-community.min.noStyle.js (8)
[0310/194530.766:INFO:CONSOLE:8] "ag-grid: invalid colDef property 'hideByBusinessRule' did you mean any of these: cellClassRules, hide, initialHide, resizable, suppressMovable, suppressAutoSize, suppressSizeToFit, suppressNavigable", source: https://bambucr.app/app/assets/js/ag-grid-community.min.noStyle.js (8)
[0310/194530.766:INFO:CONSOLE:8] "ag-grid: invalid colDef property 'hideInTable' did you mean any of these: hide, editable, sortable, initialHide, resizable, enableValue, suppressMovable, suppressNavigable", source: https://bambucr.app/app/assets/js/ag-grid-community.min.noStyle.js (8)
[0310/194530.766:INFO:CONSOLE:8] "ag-grid: to see all the valid colDef properties please check: https://www.ag-grid.com/javascript-grid-column-properties/", source: https://bambucr.app/app/assets/js/ag-grid-community.min.noStyle.js (8)
[0310/194530.766:INFO:CONSOLE:8] "ag-grid: invalid colDef property 'hideByBusinessRule' did you mean any of these: cellClassRules, hide, initialHide, resizable, suppressMovable, suppressAutoSize, suppressSizeToFit, suppressNavigable", source: https://bambucr.app/app/assets/js/ag-grid-community.min.noStyle.js (8)
[0310/194530.766:INFO:CONSOLE:8] "ag-grid: invalid colDef property 'hideInTable' did you mean any of these: hide, editable, sortable, initialHide, resizable, enableValue, suppressMovable, suppressNavigable", source: https://bambucr.app/app/assets/js/ag-grid-community.min.noStyle.js (8)
[0310/194530.766:INFO:CONSOLE:8] "ag-grid: to see all the valid colDef properties please check: https://www.ag-grid.com/javascript-grid-column-properties/", source: https://bambucr.app/app/assets/js/ag-grid-community.min.noStyle.js (8)
[0310/194530.767:INFO:CONSOLE:8] "ag-grid: invalid colDef property 'hideByBusinessRule' did you mean any of these: cellClassRules, hide, initialHide, resizable, suppressMovable, suppressAutoSize, suppressSizeToFit, suppressNavigable", source: https://bambucr.app/app/assets/js/ag-grid-community.min.noStyle.js (8)
[0310/194530.767:INFO:CONSOLE:8] "ag-grid: invalid colDef property 'hideInTable' did you mean any of these: hide, editable, sortable, initialHide, resizable, enableValue, suppressMovable, suppressNavigable", source: https://bambucr.app/app/assets/js/ag-grid-community.min.noStyle.js (8)
[0310/194530.767:INFO:CONSOLE:8] "ag-grid: to see all the valid colDef properties please check: https://www.ag-grid.com/javascript-grid-column-properties/", source: https://bambucr.app/app/assets/js/ag-grid-community.min.noStyle.js (8)
[0310/194530.767:INFO:CONSOLE:8] "ag-grid: invalid colDef property 'hideByBusinessRule' did you mean any of these: cellClassRules, hide, initialHide, resizable, suppressMovable, suppressAutoSize, suppressSizeToFit, suppressNavigable", source: https://bambucr.app/app/assets/js/ag-grid-community.min.noStyle.js (8)
[0310/194530.767:INFO:CONSOLE:8] "ag-grid: invalid colDef property 'hideInTable' did you mean any of these: hide, editable, sortable, initialHide, resizable, enableValue, suppressMovable, suppressNavigable", source: https://bambucr.app/app/assets/js/ag-grid-community.min.noStyle.js (8)
[0310/194530.768:INFO:CONSOLE:8] "ag-grid: to see all the valid colDef properties please check: https://www.ag-grid.com/javascript-grid-column-properties/", source: https://bambucr.app/app/assets/js/ag-grid-community.min.noStyle.js (8)
[0310/194530.768:INFO:CONSOLE:8] "ag-grid: invalid colDef property 'hideByBusinessRule' did you mean any of these: cellClassRules, hide, initialHide, resizable, suppressMovable, suppressAutoSize, suppressSizeToFit, suppressNavigable", source: https://bambucr.app/app/assets/js/ag-grid-community.min.noStyle.js (8)
[0310/194530.768:INFO:CONSOLE:8] "ag-grid: invalid colDef property 'hideInTable' did you mean any of these: hide, editable, sortable, initialHide, resizable, enableValue, suppressMovable, suppressNavigable", source: https://bambucr.app/app/assets/js/ag-grid-community.min.noStyle.js (8)
[0310/194530.768:INFO:CONSOLE:8] "ag-grid: to see all the valid colDef properties please check: https://www.ag-grid.com/javascript-grid-column-properties/", source: https://bambucr.app/app/assets/js/ag-grid-community.min.noStyle.js (8)
[0310/194530.769:INFO:CONSOLE:8] "ag-grid: invalid colDef property 'hideByBusinessRule' did you mean any of these: cellClassRules, hide, initialHide, resizable, suppressMovable, suppressAutoSize, suppressSizeToFit, suppressNavigable", source: https://bambucr.app/app/assets/js/ag-grid-community.min.noStyle.js (8)
[0310/194530.769:INFO:CONSOLE:8] "ag-grid: invalid colDef property 'hideInTable' did you mean any of these: hide, editable, sortable, initialHide, resizable, enableValue, suppressMovable, suppressNavigable", source: https://bambucr.app/app/assets/js/ag-grid-community.min.noStyle.js (8)
[0310/194530.769:INFO:CONSOLE:8] "ag-grid: to see all the valid colDef properties please check: https://www.ag-grid.com/javascript-grid-column-properties/", source: https://bambucr.app/app/assets/js/ag-grid-community.min.noStyle.js (8)
[0310/194530.769:INFO:CONSOLE:8] "ag-grid: invalid colDef property 'hideByBusinessRule' did you mean any of these: cellClassRules, hide, initialHide, resizable, suppressMovable, suppressAutoSize, suppressSizeToFit, suppressNavigable", source: https://bambucr.app/app/assets/js/ag-grid-community.min.noStyle.js (8)
[0310/194530.769:INFO:CONSOLE:8] "ag-grid: invalid colDef property 'hideInTable' did you mean any of these: hide, editable, sortable, initialHide, resizable, enableValue, suppressMovable, suppressNavigable", source: https://bambucr.app/app/assets/js/ag-grid-community.min.noStyle.js (8)
[0310/194530.769:INFO:CONSOLE:8] "ag-grid: to see all the valid colDef properties please check: https://www.ag-grid.com/javascript-grid-column-properties/", source: https://bambucr.app/app/assets/js/ag-grid-community.min.noStyle.js (8)
[0310/194530.770:INFO:CONSOLE:8] "ag-grid: invalid colDef property 'hideByBusinessRule' did you mean any of these: cellClassRules, hide, initialHide, resizable, suppressMovable, suppressAutoSize, suppressSizeToFit, suppressNavigable", source: https://bambucr.app/app/assets/js/ag-grid-community.min.noStyle.js (8)
[0310/194530.770:INFO:CONSOLE:8] "ag-grid: invalid colDef property 'hideInTable' did you mean any of these: hide, editable, sortable, initialHide, resizable, enableValue, suppressMovable, suppressNavigable", source: https://bambucr.app/app/assets/js/ag-grid-community.min.noStyle.js (8)
[0310/194530.770:INFO:CONSOLE:8] "ag-grid: to see all the valid colDef properties please check: https://www.ag-grid.com/javascript-grid-column-properties/", source: https://bambucr.app/app/assets/js/ag-grid-community.min.noStyle.js (8)
[0310/194530.770:INFO:CONSOLE:8] "ag-grid: invalid colDef property 'hideByBusinessRule' did you mean any of these: cellClassRules, hide, initialHide, resizable, suppressMovable, suppressAutoSize, suppressSizeToFit, suppressNavigable", source: https://bambucr.app/app/assets/js/ag-grid-community.min.noStyle.js (8)
[0310/194530.770:INFO:CONSOLE:8] "ag-grid: invalid colDef property 'hideInTable' did you mean any of these: hide, editable, sortable, initialHide, resizable, enableValue, suppressMovable, suppressNavigable", source: https://bambucr.app/app/assets/js/ag-grid-community.min.noStyle.js (8)
[0310/194530.770:INFO:CONSOLE:8] "ag-grid: to see all the valid colDef properties please check: https://www.ag-grid.com/javascript-grid-column-properties/", source: https://bambucr.app/app/assets/js/ag-grid-community.min.noStyle.js (8)
[0310/194530.771:INFO:CONSOLE:8] "ag-grid: invalid colDef property 'hideByBusinessRule' did you mean any of these: cellClassRules, hide, initialHide, resizable, suppressMovable, suppressAutoSize, suppressSizeToFit, suppressNavigable", source: https://bambucr.app/app/assets/js/ag-grid-community.min.noStyle.js (8)
[0310/194530.771:INFO:CONSOLE:8] "ag-grid: invalid colDef property 'hideInTable' did you mean any of these: hide, editable, sortable, initialHide, resizable, enableValue, suppressMovable, suppressNavigable", source: https://bambucr.app/app/assets/js/ag-grid-community.min.noStyle.js (8)
[0310/194530.771:INFO:CONSOLE:8] "ag-grid: to see all the valid colDef properties please check: https://www.ag-grid.com/javascript-grid-column-properties/", source: https://bambucr.app/app/assets/js/ag-grid-community.min.noStyle.js (8)
[0310/194530.771:INFO:CONSOLE:8] "ag-grid: invalid colDef property 'hideByBusinessRule' did you mean any of these: cellClassRules, hide, initialHide, resizable, suppressMovable, suppressAutoSize, suppressSizeToFit, suppressNavigable", source: https://bambucr.app/app/assets/js/ag-grid-community.min.noStyle.js (8)
[0310/194530.771:INFO:CONSOLE:8] "ag-grid: invalid colDef property 'hideInTable' did you mean any of these: hide, editable, sortable, initialHide, resizable, enableValue, suppressMovable, suppressNavigable", source: https://bambucr.app/app/assets/js/ag-grid-community.min.noStyle.js (8)
[0310/194530.771:INFO:CONSOLE:8] "ag-grid: to see all the valid colDef properties please check: https://www.ag-grid.com/javascript-grid-column-properties/", source: https://bambucr.app/app/assets/js/ag-grid-community.min.noStyle.js (8)
[0310/194530.772:INFO:CONSOLE:8] "ag-grid: invalid colDef property 'hideByBusinessRule' did you mean any of these: cellClassRules, hide, initialHide, resizable, suppressMovable, suppressAutoSize, suppressSizeToFit, suppressNavigable", source: https://bambucr.app/app/assets/js/ag-grid-community.min.noStyle.js (8)
[0310/194530.772:INFO:CONSOLE:8] "ag-grid: invalid colDef property 'hideInTable' did you mean any of these: hide, editable, sortable, initialHide, resizable, enableValue, suppressMovable, suppressNavigable", source: https://bambucr.app/app/assets/js/ag-grid-community.min.noStyle.js (8)
[0310/194530.772:INFO:CONSOLE:8] "ag-grid: to see all the valid colDef properties please check: https://www.ag-grid.com/javascript-grid-column-properties/", source: https://bambucr.app/app/assets/js/ag-grid-community.min.noStyle.js (8)
[0310/194530.772:INFO:CONSOLE:8] "ag-grid: invalid colDef property 'hideByBusinessRule' did you mean any of these: cellClassRules, hide, initialHide, resizable, suppressMovable, suppressAutoSize, suppressSizeToFit, suppressNavigable", source: https://bambucr.app/app/assets/js/ag-grid-community.min.noStyle.js (8)
[0310/194530.773:INFO:CONSOLE:8] "ag-grid: invalid colDef property 'hideInTable' did you mean any of these: hide, editable, sortable, initialHide, resizable, enableValue, suppressMovable, suppressNavigable", source: https://bambucr.app/app/assets/js/ag-grid-community.min.noStyle.js (8)
[0310/194530.773:INFO:CONSOLE:8] "ag-grid: to see all the valid colDef properties please check: https://www.ag-grid.com/javascript-grid-column-properties/", source: https://bambucr.app/app/assets/js/ag-grid-community.min.noStyle.js (8)
[0310/194530.773:INFO:CONSOLE:8] "ag-grid: invalid colDef property 'hideByBusinessRule' did you mean any of these: cellClassRules, hide, initialHide, resizable, suppressMovable, suppressAutoSize, suppressSizeToFit, suppressNavigable", source: https://bambucr.app/app/assets/js/ag-grid-community.min.noStyle.js (8)
[0310/194530.773:INFO:CONSOLE:8] "ag-grid: invalid colDef property 'hideInTable' did you mean any of these: hide, editable, sortable, initialHide, resizable, enableValue, suppressMovable, suppressNavigable", source: https://bambucr.app/app/assets/js/ag-grid-community.min.noStyle.js (8)
[0310/194530.773:INFO:CONSOLE:8] "ag-grid: to see all the valid colDef properties please check: https://www.ag-grid.com/javascript-grid-column-properties/", source: https://bambucr.app/app/assets/js/ag-grid-community.min.noStyle.js (8)
[0310/194530.774:INFO:CONSOLE:8] "ag-grid: invalid colDef property 'hideByBusinessRule' did you mean any of these: cellClassRules, hide, initialHide, resizable, suppressMovable, suppressAutoSize, suppressSizeToFit, suppressNavigable", source: https://bambucr.app/app/assets/js/ag-grid-community.min.noStyle.js (8)
[0310/194530.774:INFO:CONSOLE:8] "ag-grid: invalid colDef property 'hideInTable' did you mean any of these: hide, editable, sortable, initialHide, resizable, enableValue, suppressMovable, suppressNavigable", source: https://bambucr.app/app/assets/js/ag-grid-community.min.noStyle.js (8)
[0310/194530.774:INFO:CONSOLE:8] "ag-grid: to see all the valid colDef properties please check: https://www.ag-grid.com/javascript-grid-column-properties/", source: https://bambucr.app/app/assets/js/ag-grid-community.min.noStyle.js (8)
[0310/194530.774:INFO:CONSOLE:8] "ag-grid: invalid colDef property 'hideByBusinessRule' did you mean any of these: cellClassRules, hide, initialHide, resizable, suppressMovable, suppressAutoSize, suppressSizeToFit, suppressNavigable", source: https://bambucr.app/app/assets/js/ag-grid-community.min.noStyle.js (8)
[0310/194530.774:INFO:CONSOLE:8] "ag-grid: invalid colDef property 'hideInTable' did you mean any of these: hide, editable, sortable, initialHide, resizable, enableValue, suppressMovable, suppressNavigable", source: https://bambucr.app/app/assets/js/ag-grid-community.min.noStyle.js (8)
[0310/194530.774:INFO:CONSOLE:8] "ag-grid: to see all the valid colDef properties please check: https://www.ag-grid.com/javascript-grid-column-properties/", source: https://bambucr.app/app/assets/js/ag-grid-community.min.noStyle.js (8)
[0310/194530.813:INFO:CONSOLE:979] "searching from navedi", source: https://bambucr.app/app/js/app.js?v=3.13.18 (979)
[0310/194530.838:INFO:CONSOLE:3183] "Adding 131 to suppliers index", source: https://bambucr.app/app/js/app.js?v=3.13.18 (3183)
[0310/194530.838:INFO:CONSOLE:2245] "Indice de proveedores creado", source: https://bambucr.app/app/modules/productos/js/productos.js?v=0.6.25 (2245)
[0310/194534.201:INFO:CONSOLE:3183] "Adding 9336 to products index", source: https://bambucr.app/app/js/app.js?v=3.13.18 (3183)
[0310/194534.419:INFO:CONSOLE:2657] "Product autocomplete inicializado", source: https://bambucr.app/app/js/app.js?v=3.13.18 (2657)
